1>Actual de it NO está definida.
2>Agregando 5 a it.
3>Reiniciando it.
4>Actual de it está definida.
5>El actual de it es 5.
6>Avanzando en it.
7>Actual de it NO está definida.
8>Agregando 6 a it.
9>Agregando 7 a it.
10>Agregando 8 a it.
11>Reiniciando it.
12>El actual de it es 5.
13>Avanzando en it.
14>Avanzando en it.
15>Avanzando en it.
16>Actual de it está definida.
17>El actual de it es 8.
18>Avanzando en it.
19>Actual de it NO está definida.
20>Reiniciando it.
21>Avanzando en it.
22>El actual de it es 6.
23>Fin.
