1>La cantidad es 0.
2>5 no está en la cadena.
3>Se insertó (5,5.00) al inicio de la cadena.
4>El elemento es (5,5.00)
5>3 no está en la cadena.
6>(5,5.00)
7>La cantidad es 1.
8>La cantidad en la cadena 1 es 0.
9>Se insertó (3,3.00) en la cadena 1.
10>La cantidad en la cadena 1 es 1.
11>3 está en la cadena 1.
12>5 no está en la cadena 1.
13>3 no está en la cadena 8.
14>La primera aparición de 3 en la cadena 1 es (3,3.00)
15>Fin.
