1>Se insertó (23,23.00) al inicio de la cadena.
2>La cantidad es 1.
3>El elemento es (23,23.00)
4>Se insertó (11,11.10) al inicio de la cadena.
5>Se insertó (21,21.00) al inicio de la cadena.
6>Se insertó (8,8.00) al inicio de la cadena.
7>Se insertó (13,13.00) al inicio de la cadena.
8>(13,13.00)(8,8.00)(21,21.00)(11,11.10)(23,23.00)
9>11 está en la cadena.
10>12 no está en la cadena.
11>13 está en la cadena.
12>El elemento es (11,11.10)
13>El elemento es (13,13.00)
14>Fin.
