1>Se insertó (5,5.00) en la cadena 4.
2>La cantidad en la cadena 1 es 0.
3>La cantidad en la cadena 5 es 0.
4>3 no está en la cadena 0.
5>5 está en la cadena 4.
6>La primera aparición de 5 en la cadena 4 es (5,5.00)
7>Se insertó (3,13.10) en la cadena 4.
8>Se insertó (3,13.10) en la cadena 5.
9>3 no está en la cadena 0.
10>3 está en la cadena 4.
11>3 está en la cadena 5.
12>Se insertó (5,15.00) en la cadena 5.
13>Se insertó (6,6.00) en la cadena 5.
14>Se insertó (7,7.00) en la cadena 5.
15>La cantidad en la cadena 1 es 0.
16>La cantidad en la cadena 4 es 2.
17>La cantidad en la cadena 5 es 4.
18>La primera aparición de 5 en la cadena 4 es (5,5.00)
19>La primera aparición de 5 en la cadena 5 es (5,15.00)
20>Fin.
